2025-12-01 00:00:26 [HikariPool-1:housekeeper] WARN  com.zaxxer.hikari.pool.HikariPool - HikariPool-1 - Thread starvation or clock leap detected (housekeeper delta=1m31s786ms).
2025-12-01 00:00:28 [scheduling-1] INFO  c.a.ids_ia.config.MeetingScheduler - Broadcasted duration updates for 4 active meetings
2025-12-01 00:01:17 [scheduling-1] INFO  c.a.ids_ia.config.MeetingScheduler - Broadcasted duration updates for 4 active meetings
2025-12-01 00:13:16 [HikariPool-1:housekeeper] WARN  com.zaxxer.hikari.pool.HikariPool - HikariPool-1 - Thread starvation or clock leap detected (housekeeper delta=12m19s911ms).
2025-12-01 00:13:18 [scheduling-1] INFO  c.a.ids_ia.config.MeetingScheduler - Broadcasted duration updates for 4 active meetings
2025-12-01 01:02:52 [HikariPool-1:housekeeper] WARN  com.zaxxer.hikari.pool.HikariPool - HikariPool-1 - Thread starvation or clock leap detected (housekeeper delta=49m35s900ms).
2025-12-01 01:02:54 [scheduling-1] INFO  c.a.ids_ia.config.MeetingScheduler - Broadcasted duration updates for 4 active meetings
2025-12-01 01:36:44 [HikariPool-1:housekeeper] WARN  com.zaxxer.hikari.pool.HikariPool - HikariPool-1 - Thread starvation or clock leap detected (housekeeper delta=33m52s654ms).
2025-12-01 01:52:47 [scheduling-1] INFO  c.a.ids_ia.config.MeetingScheduler - Broadcasted duration updates for 4 active meetings
2025-12-01 03:15:31 [HikariPool-1:housekeeper] WARN  com.zaxxer.hikari.pool.HikariPool - HikariPool-1 - Thread starvation or clock leap detected (housekeeper delta=1h38m46s921ms).
2025-12-01 03:15:34 [scheduling-1] INFO  c.a.ids_ia.config.MeetingScheduler - Broadcasted duration updates for 4 active meetings
2025-12-01 04:56:09 [HikariPool-1:housekeeper] WARN  com.zaxxer.hikari.pool.HikariPool - HikariPool-1 - Thread starvation or clock leap detected (housekeeper delta=1h40m38s76ms).
2025-12-01 04:56:12 [scheduling-1] INFO  c.a.ids_ia.config.MeetingScheduler - Broadcasted duration updates for 4 active meetings
2025-12-01 05:01:18 [HikariPool-1:housekeeper] WARN  com.zaxxer.hikari.pool.HikariPool - HikariPool-1 - Thread starvation or clock leap detected (housekeeper delta=5m8s605ms).
2025-12-01 05:01:20 [scheduling-1] INFO  c.a.ids_ia.config.MeetingScheduler - Broadcasted duration updates for 4 active meetings
2025-12-01 05:34:21 [HikariPool-1:housekeeper] WARN  com.zaxxer.hikari.pool.HikariPool - HikariPool-1 - Thread starvation or clock leap detected (housekeeper delta=33m2s672ms).
2025-12-01 05:52:02 [scheduling-1] INFO  c.a.ids_ia.config.MeetingScheduler - Broadcasted duration updates for 4 active meetings
2025-12-01 07:01:54 [HikariPool-1:housekeeper] WARN  com.zaxxer.hikari.pool.HikariPool - HikariPool-1 - Thread starvation or clock leap detected (housekeeper delta=1h27m33s186ms).
2025-12-01 07:01:56 [scheduling-1] INFO  c.a.ids_ia.config.MeetingScheduler - Broadcasted duration updates for 4 active meetings
2025-12-01 07:02:26 [scheduling-1] INFO  c.a.ids_ia.config.MeetingScheduler - Broadcasted duration updates for 4 active meetings
2025-12-01 07:20:51 [HikariPool-1:housekeeper] WARN  com.zaxxer.hikari.pool.HikariPool - HikariPool-1 - Thread starvation or clock leap detected (housekeeper delta=18m27s66ms).
2025-12-01 07:20:53 [scheduling-1] INFO  c.a.ids_ia.config.MeetingScheduler - Broadcasted duration updates for 4 active meetings
2025-12-01 07:21:23 [scheduling-1] INFO  c.a.ids_ia.config.MeetingScheduler - Broadcasted duration updates for 4 active meetings
2025-12-01 07:43:35 [HikariPool-1:housekeeper] WARN  com.zaxxer.hikari.pool.HikariPool - HikariPool-1 - Thread starvation or clock leap detected (housekeeper delta=22m14s382ms).
2025-12-01 07:43:38 [scheduling-1] INFO  c.a.ids_ia.config.MeetingScheduler - Broadcasted duration updates for 4 active meetings
2025-12-01 08:00:55 [scheduling-1] INFO  c.a.ids_ia.config.MeetingScheduler - Broadcasted duration updates for 4 active meetings
2025-12-01 08:03:17 [HikariPool-1:housekeeper] WARN  com.zaxxer.hikari.pool.HikariPool - HikariPool-1 - Thread starvation or clock leap detected (housekeeper delta=19m11s704ms).
2025-12-01 08:03:19 [scheduling-1] INFO  c.a.ids_ia.config.MeetingScheduler - Broadcasted duration updates for 4 active meetings
2025-12-01 08:12:20 [HikariPool-1:housekeeper] WARN  com.zaxxer.hikari.pool.HikariPool - HikariPool-1 - Thread starvation or clock leap detected (housekeeper delta=9m3s380ms).
2025-12-01 08:12:23 [scheduling-1] INFO  c.a.ids_ia.config.MeetingScheduler - Broadcasted duration updates for 4 active meetings
2025-12-01 08:17:26 [HikariPool-1:housekeeper] WARN  com.zaxxer.hikari.pool.HikariPool - HikariPool-1 - Thread starvation or clock leap detected (housekeeper delta=5m5s581ms).
2025-12-01 08:17:28 [scheduling-1] INFO  c.a.ids_ia.config.MeetingScheduler - Broadcasted duration updates for 4 active meetings
2025-12-01 08:18:24 [HikariPool-1:housekeeper] WARN  com.zaxxer.hikari.pool.HikariPool - HikariPool-1 - Thread starvation or clock leap detected (housekeeper delta=58s414ms).
2025-12-01 08:18:27 [scheduling-1] INFO  c.a.ids_ia.config.MeetingScheduler - Broadcasted duration updates for 4 active meetings
2025-12-01 08:18:57 [scheduling-1] INFO  c.a.ids_ia.config.MeetingScheduler - Broadcasted duration updates for 4 active meetings
2025-12-01 08:19:27 [scheduling-1] INFO  c.a.ids_ia.config.MeetingScheduler - Broadcasted duration updates for 4 active meetings
2025-12-01 08:19:57 [scheduling-1] INFO  c.a.ids_ia.config.MeetingScheduler - Broadcasted duration updates for 4 active meetings
2025-12-01 08:23:44 [HikariPool-1:housekeeper] WARN  com.zaxxer.hikari.pool.HikariPool - HikariPool-1 - Thread starvation or clock leap detected (housekeeper delta=3m49s892ms).
2025-12-01 08:23:47 [scheduling-1] INFO  c.a.ids_ia.config.MeetingScheduler - Broadcasted duration updates for 4 active meetings
2025-12-01 08:24:17 [scheduling-1] INFO  c.a.ids_ia.config.MeetingScheduler - Broadcasted duration updates for 4 active meetings
2025-12-01 08:24:47 [scheduling-1] INFO  c.a.ids_ia.config.MeetingScheduler - Broadcasted duration updates for 4 active meetings
2025-12-01 08:25:17 [scheduling-1] INFO  c.a.ids_ia.config.MeetingScheduler - Broadcasted duration updates for 4 active meetings
2025-12-01 08:25:47 [scheduling-1] INFO  c.a.ids_ia.config.MeetingScheduler - Broadcasted duration updates for 4 active meetings
2025-12-01 08:26:17 [scheduling-1] INFO  c.a.ids_ia.config.MeetingScheduler - Broadcasted duration updates for 4 active meetings
2025-12-01 08:26:47 [scheduling-1] INFO  c.a.ids_ia.config.MeetingScheduler - Broadcasted duration updates for 4 active meetings
2025-12-01 08:27:17 [scheduling-1] INFO  c.a.ids_ia.config.MeetingScheduler - Broadcasted duration updates for 4 active meetings
2025-12-01 08:27:47 [scheduling-1] INFO  c.a.ids_ia.config.MeetingScheduler - Broadcasted duration updates for 4 active meetings
2025-12-01 08:28:17 [scheduling-1] INFO  c.a.ids_ia.config.MeetingScheduler - Broadcasted duration updates for 4 active meetings
2025-12-01 08:28:47 [scheduling-1] INFO  c.a.ids_ia.config.MeetingScheduler - Broadcasted duration updates for 4 active meetings
2025-12-01 08:29:17 [scheduling-1] INFO  c.a.ids_ia.config.MeetingScheduler - Broadcasted duration updates for 4 active meetings
2025-12-01 08:29:47 [scheduling-1] INFO  c.a.ids_ia.config.MeetingScheduler - Broadcasted duration updates for 4 active meetings
2025-12-01 08:30:17 [scheduling-1] INFO  c.a.ids_ia.config.MeetingScheduler - Broadcasted duration updates for 4 active meetings
2025-12-01 08:30:47 [scheduling-1] INFO  c.a.ids_ia.config.MeetingScheduler - Broadcasted duration updates for 4 active meetings
2025-12-01 08:31:17 [scheduling-1] INFO  c.a.ids_ia.config.MeetingScheduler - Broadcasted duration updates for 4 active meetings
2025-12-01 08:31:47 [scheduling-1] INFO  c.a.ids_ia.config.MeetingScheduler - Broadcasted duration updates for 4 active meetings
2025-12-01 08:32:17 [scheduling-1] INFO  c.a.ids_ia.config.MeetingScheduler - Broadcasted duration updates for 4 active meetings
2025-12-01 08:32:47 [scheduling-1] INFO  c.a.ids_ia.config.MeetingScheduler - Broadcasted duration updates for 4 active meetings
2025-12-01 08:33:17 [scheduling-1] INFO  c.a.ids_ia.config.MeetingScheduler - Broadcasted duration updates for 4 active meetings
2025-12-01 08:33:47 [scheduling-1] INFO  c.a.ids_ia.config.MeetingScheduler - Broadcasted duration updates for 4 active meetings
2025-12-01 08:34:17 [scheduling-1] INFO  c.a.ids_ia.config.MeetingScheduler - Broadcasted duration updates for 4 active meetings
2025-12-01 08:34:47 [scheduling-1] INFO  c.a.ids_ia.config.MeetingScheduler - Broadcasted duration updates for 4 active meetings
2025-12-01 08:35:17 [scheduling-1] INFO  c.a.ids_ia.config.MeetingScheduler - Broadcasted duration updates for 4 active meetings
2025-12-01 08:35:47 [scheduling-1] INFO  c.a.ids_ia.config.MeetingScheduler - Broadcasted duration updates for 4 active meetings
2025-12-01 08:36:17 [scheduling-1] INFO  c.a.ids_ia.config.MeetingScheduler - Broadcasted duration updates for 4 active meetings
2025-12-01 08:36:47 [scheduling-1] INFO  c.a.ids_ia.config.MeetingScheduler - Broadcasted duration updates for 4 active meetings
2025-12-01 08:37:17 [scheduling-1] INFO  c.a.ids_ia.config.MeetingScheduler - Broadcasted duration updates for 4 active meetings
2025-12-01 08:37:47 [scheduling-1] INFO  c.a.ids_ia.config.MeetingScheduler - Broadcasted duration updates for 4 active meetings
2025-12-01 08:38:17 [scheduling-1] INFO  c.a.ids_ia.config.MeetingScheduler - Broadcasted duration updates for 4 active meetings
2025-12-01 08:38:47 [scheduling-1] INFO  c.a.ids_ia.config.MeetingScheduler - Broadcasted duration updates for 4 active meetings
2025-12-01 08:39:17 [scheduling-1] INFO  c.a.ids_ia.config.MeetingScheduler - Broadcasted duration updates for 4 active meetings
2025-12-01 08:39:47 [scheduling-1] INFO  c.a.ids_ia.config.MeetingScheduler - Broadcasted duration updates for 4 active meetings
2025-12-01 08:40:17 [scheduling-1] INFO  c.a.ids_ia.config.MeetingScheduler - Broadcasted duration updates for 4 active meetings
2025-12-01 08:40:47 [scheduling-1] INFO  c.a.ids_ia.config.MeetingScheduler - Broadcasted duration updates for 4 active meetings
2025-12-01 08:41:17 [scheduling-1] INFO  c.a.ids_ia.config.MeetingScheduler - Broadcasted duration updates for 4 active meetings
2025-12-01 08:41:47 [scheduling-1] INFO  c.a.ids_ia.config.MeetingScheduler - Broadcasted duration updates for 4 active meetings
2025-12-01 08:42:17 [scheduling-1] INFO  c.a.ids_ia.config.MeetingScheduler - Broadcasted duration updates for 4 active meetings
2025-12-01 08:42:47 [scheduling-1] INFO  c.a.ids_ia.config.MeetingScheduler - Broadcasted duration updates for 4 active meetings
2025-12-01 08:43:17 [scheduling-1] INFO  c.a.ids_ia.config.MeetingScheduler - Broadcasted duration updates for 4 active meetings
2025-12-01 08:46:47 [HikariPool-1:housekeeper] WARN  com.zaxxer.hikari.pool.HikariPool - HikariPool-1 - Thread starvation or clock leap detected (housekeeper delta=3m32s592ms).
2025-12-01 08:46:49 [scheduling-1] INFO  c.a.ids_ia.config.MeetingScheduler - Broadcasted duration updates for 4 active meetings
2025-12-01 08:47:19 [scheduling-1] INFO  c.a.ids_ia.config.MeetingScheduler - Broadcasted duration updates for 4 active meetings
2025-12-01 08:47:51 [scheduling-1] INFO  c.a.ids_ia.config.MeetingScheduler - Broadcasted duration updates for 4 active meetings
2025-12-01 08:48:21 [scheduling-1] INFO  c.a.ids_ia.config.MeetingScheduler - Broadcasted duration updates for 4 active meetings
2025-12-01 08:49:38 [HikariPool-1:housekeeper] WARN  com.zaxxer.hikari.pool.HikariPool - HikariPool-1 - Thread starvation or clock leap detected (housekeeper delta=1m19s476ms).
2025-12-01 08:49:40 [scheduling-1] INFO  c.a.ids_ia.config.MeetingScheduler - Broadcasted duration updates for 4 active meetings
2025-12-01 08:52:07 [HikariPool-1:housekeeper] WARN  com.zaxxer.hikari.pool.HikariPool - HikariPool-1 - Thread starvation or clock leap detected (housekeeper delta=2m28s596ms).
2025-12-01 08:52:09 [scheduling-1] INFO  c.a.ids_ia.config.MeetingScheduler - Broadcasted duration updates for 4 active meetings
2025-12-01 08:52:39 [scheduling-1] INFO  c.a.ids_ia.config.MeetingScheduler - Broadcasted duration updates for 4 active meetings
2025-12-01 08:53:13 [scheduling-1] INFO  c.a.ids_ia.config.MeetingScheduler - Broadcasted duration updates for 4 active meetings
2025-12-01 08:55:17 [HikariPool-1:housekeeper] WARN  com.zaxxer.hikari.pool.HikariPool - HikariPool-1 - Thread starvation or clock leap detected (housekeeper delta=2m6s222ms).
2025-12-01 08:55:19 [scheduling-1] INFO  c.a.ids_ia.config.MeetingScheduler - Broadcasted duration updates for 4 active meetings
2025-12-01 08:57:24 [HikariPool-1:housekeeper] WARN  com.zaxxer.hikari.pool.HikariPool - HikariPool-1 - Thread starvation or clock leap detected (housekeeper delta=2m7s355ms).
2025-12-01 08:57:26 [scheduling-1] INFO  c.a.ids_ia.config.MeetingScheduler - Broadcasted duration updates for 4 active meetings
2025-12-01 08:57:56 [scheduling-1] INFO  c.a.ids_ia.config.MeetingScheduler - Broadcasted duration updates for 4 active meetings
2025-12-01 08:59:39 [HikariPool-1:housekeeper] WARN  com.zaxxer.hikari.pool.HikariPool - HikariPool-1 - Thread starvation or clock leap detected (housekeeper delta=1m44s242ms).
2025-12-01 08:59:41 [scheduling-1] INFO  c.a.ids_ia.config.MeetingScheduler - Broadcasted duration updates for 4 active meetings
2025-12-01 09:02:34 [HikariPool-1:housekeeper] WARN  com.zaxxer.hikari.pool.HikariPool - HikariPool-1 - Thread starvation or clock leap detected (housekeeper delta=2m55s248ms).
2025-12-01 09:02:36 [scheduling-1] INFO  c.a.ids_ia.config.MeetingScheduler - Broadcasted duration updates for 4 active meetings
2025-12-01 09:04:35 [HikariPool-1:housekeeper] WARN  com.zaxxer.hikari.pool.HikariPool - HikariPool-1 - Thread starvation or clock leap detected (housekeeper delta=2m1s543ms).
2025-12-01 09:04:37 [scheduling-1] INFO  c.a.ids_ia.config.MeetingScheduler - Broadcasted duration updates for 4 active meetings
2025-12-01 09:10:38 [HikariPool-1:housekeeper] WARN  com.zaxxer.hikari.pool.HikariPool - HikariPool-1 - Thread starvation or clock leap detected (housekeeper delta=6m2s250ms).
2025-12-01 09:10:40 [scheduling-1] INFO  c.a.ids_ia.config.MeetingScheduler - Broadcasted duration updates for 4 active meetings
2025-12-01 09:16:50 [HikariPool-1:housekeeper] WARN  com.zaxxer.hikari.pool.HikariPool - HikariPool-1 - Thread starvation or clock leap detected (housekeeper delta=6m12s464ms).
2025-12-01 09:16:52 [scheduling-1] INFO  c.a.ids_ia.config.MeetingScheduler - Broadcasted duration updates for 4 active meetings
2025-12-01 09:28:39 [HikariPool-1:housekeeper] WARN  com.zaxxer.hikari.pool.HikariPool - HikariPool-1 - Thread starvation or clock leap detected (housekeeper delta=11m48s912ms).
2025-12-01 09:28:41 [scheduling-1] INFO  c.a.ids_ia.config.MeetingScheduler - Broadcasted duration updates for 4 active meetings
2025-12-01 09:31:24 [HikariPool-1:housekeeper] WARN  com.zaxxer.hikari.pool.HikariPool - HikariPool-1 - Thread starvation or clock leap detected (housekeeper delta=2m45s229ms).
2025-12-01 09:31:26 [scheduling-1] INFO  c.a.ids_ia.config.MeetingScheduler - Broadcasted duration updates for 4 active meetings
2025-12-01 09:39:28 [HikariPool-1:housekeeper] WARN  com.zaxxer.hikari.pool.HikariPool - HikariPool-1 - Thread starvation or clock leap detected (housekeeper delta=8m3s959ms).
2025-12-01 09:39:30 [scheduling-1] INFO  c.a.ids_ia.config.MeetingScheduler - Broadcasted duration updates for 4 active meetings
2025-12-01 09:43:31 [HikariPool-1:housekeeper] WARN  com.zaxxer.hikari.pool.HikariPool - HikariPool-1 - Thread starvation or clock leap detected (housekeeper delta=4m2s618ms).
2025-12-01 09:43:33 [scheduling-1] INFO  c.a.ids_ia.config.MeetingScheduler - Broadcasted duration updates for 4 active meetings
2025-12-01 09:44:03 [scheduling-1] INFO  c.a.ids_ia.config.MeetingScheduler - Broadcasted duration updates for 4 active meetings
2025-12-01 09:45:15 [HikariPool-1:housekeeper] WARN  com.zaxxer.hikari.pool.HikariPool - HikariPool-1 - Thread starvation or clock leap detected (housekeeper delta=1m14s493ms).
2025-12-01 09:45:17 [scheduling-1] INFO  c.a.ids_ia.config.MeetingScheduler - Broadcasted duration updates for 4 active meetings
2025-12-01 09:47:28 [scheduling-1] INFO  c.a.ids_ia.config.MeetingScheduler - Broadcasted duration updates for 4 active meetings
2025-12-01 09:49:37 [HikariPool-1:housekeeper] WARN  com.zaxxer.hikari.pool.HikariPool - HikariPool-1 - Thread starvation or clock leap detected (housekeeper delta=3m51s368ms).
2025-12-01 09:49:39 [scheduling-1] INFO  c.a.ids_ia.config.MeetingScheduler - Broadcasted duration updates for 4 active meetings
2025-12-01 09:50:09 [scheduling-1] INFO  c.a.ids_ia.config.MeetingScheduler - Broadcasted duration updates for 4 active meetings
2025-12-01 09:52:00 [HikariPool-1:housekeeper] WARN  com.zaxxer.hikari.pool.HikariPool - HikariPool-1 - Thread starvation or clock leap detected (housekeeper delta=1m53s228ms).
2025-12-01 09:52:02 [scheduling-1] INFO  c.a.ids_ia.config.MeetingScheduler - Broadcasted duration updates for 4 active meetings
2025-12-01 09:52:32 [scheduling-1] INFO  c.a.ids_ia.config.MeetingScheduler - Broadcasted duration updates for 4 active meetings
2025-12-01 09:53:02 [scheduling-1] INFO  c.a.ids_ia.config.MeetingScheduler - Broadcasted duration updates for 4 active meetings
2025-12-01 09:53:32 [scheduling-1] INFO  c.a.ids_ia.config.MeetingScheduler - Broadcasted duration updates for 4 active meetings
2025-12-01 09:54:02 [scheduling-1] INFO  c.a.ids_ia.config.MeetingScheduler - Broadcasted duration updates for 4 active meetings
2025-12-01 09:54:25 [http-nio-8080-exec-1] INFO  c.a.ids_ia.ws.TrafficSocketHandler - WebSocket closed: f07a675b-afb0-4f3b-6766-f5c9c92c6675 (open sessions=2)
2025-12-01 09:54:32 [scheduling-1] INFO  c.a.ids_ia.config.MeetingScheduler - Broadcasted duration updates for 4 active meetings
2025-12-01 09:54:35 [http-nio-8080-exec-10] INFO  c.a.ids_ia.ws.TrafficSocketHandler - WebSocket closed: 4fba5be7-30ef-d894-7666-69186f2473d4 (open sessions=1)
2025-12-01 09:54:35 [http-nio-8080-exec-7] INFO  c.a.i.ws.WarRoomChatSocketHandler - Chat WebSocket closed: f7a167ca-539c-36de-d6e8-3e3ccdc38924 (open sessions=0)
2025-12-01 09:54:35 [http-nio-8080-exec-5] INFO  c.a.ids_ia.ws.TrafficSocketHandler - WebSocket closed: 2d1087c9-7ac2-dc80-0bd8-bdb94bed595d (open sessions=0)
2025-12-01 09:55:02 [scheduling-1] INFO  c.a.ids_ia.config.MeetingScheduler - Broadcasted duration updates for 4 active meetings
2025-12-01 09:55:32 [scheduling-1] INFO  c.a.ids_ia.config.MeetingScheduler - Broadcasted duration updates for 4 active meetings
2025-12-01 09:56:02 [scheduling-1] INFO  c.a.ids_ia.config.MeetingScheduler - Broadcasted duration updates for 4 active meetings
